REPLACE_TOOL — a CLI scaffolded from go_cli_tool_template

Usage:
  REPLACE_TOOL [flags]
  REPLACE_TOOL [command]

Available Commands:
  check       Check that inputs are non-empty and valid UTF-8 (placeholder validation)
  completion  Generate the autocompletion script for the specified shell
  help        Help about any command

Flags:
      --config string       path to a config file
      --debug               raise log verbosity to debug (alias for --log-level debug)
  -h, --help                help for REPLACE_TOOL
      --log-format string   log format: auto, text, or json (default "auto")
      --log-level string    log verbosity: error, warn, info, or debug (default "warn")
      --no-color            disable colored output
      --no-input            never prompt; run non-interactively
  -o, --output string       output format: text or json (default "text")
  -q, --quiet               suppress progress and non-error logs
  -v, --verbose             raise log verbosity to info (alias for --log-level info)
      --version             version for REPLACE_TOOL

Use "REPLACE_TOOL [command] --help" for more information about a command.
