
  yamlvalidate — validate YAML files against a JSON Schema                                                              
         
  USAGE  
         
    yamlvalidate [command] [--flags]  
            
  COMMANDS  
            
    completion [command]           Generate the autocompletion script for the specified shell
    help [command]                 Help about any command
    validate [files...] [--flags]  Validate YAML files against a JSON Schema
         
  FLAGS  
         
    --config                       Path to a config file
    --debug                        Raise log verbosity to debug (alias for --log-level debug)
    -h --help                      Help for yamlvalidate
    --log-format                   Log format: auto, text, or json (auto)
    --log-level                    Log verbosity: error, warn, info, or debug (warn)
    --no-color                     Disable colored output
    --no-input                     Never prompt; run non-interactively
    -o --output                    Output format: text or json (text)
    -q --quiet                     Suppress progress and non-error logs
    -v --verbose                   Raise log verbosity to info (alias for --log-level info)
    --version                      Version for yamlvalidate

