.github/ISSUE_TEMPLATE/bug_report.md
.github/ISSUE_TEMPLATE/feature_request.md
.github/PULL_REQUEST_TEMPLATE.md
.github/workflows/ci.yml
.github/workflows/release.yml
.golangci.yml
.goreleaser.yaml
CODE_OF_CONDUCT.md
CONTRIBUTING.md
LICENSE
README.md
SECURITY.md
cmd/widget/main.go
go.mod
go.sum
internal/check/check.go
internal/check/check_test.go
internal/cli/check.go
internal/cli/check_cmd_test.go
internal/cli/check_resolve_test.go
internal/cli/cli.go
internal/cli/cli_test.go
internal/cli/config_wire_test.go
internal/cli/execute.go
internal/cli/execute_test.go
internal/cli/exitcode_test.go
internal/cli/logger.go
internal/cli/logger_wire_test.go
internal/cli/manpages.go
internal/cli/manpages_test.go
internal/cli/options_test.go
internal/cli/progress.go
internal/cli/progress_test.go
internal/cli/script_test.go
internal/cli/testdata/help.golden
internal/cli/testdata/script/check.txtar
internal/cli/testdata/script/config.txtar
internal/cli/testdata/script/errors.txtar
internal/cli/testdata/script/flags.txtar
internal/cli/testdata/script/help.txtar
internal/cli/testdata/script/version.txtar
internal/config/config.go
internal/config/config_test.go
internal/logging/logging.go
internal/logging/logging_test.go
internal/progress/progress.go
internal/progress/progress_test.go
internal/version/version.go
internal/version/version_test.go
